┌─────────┐                                                                                    
 │ TILLSYN │  path: Inbox                                                                       
 └─────────┘                                                                                    
 ────────────────────────────────────────────────────────────────────────────────────────────── 
                                                                                                
 ╭─────────────────────────────────────────────────────╮ ╭────────────────────────────────────╮ 
 │                                                     │ │                                    │ 
 │  To Do (1)                                          │ │ Project Notifications              │ 
 │                                                     │ │                                    │ 
 │  │  Golden board task                               │ │ Action Required                    │ 
 │     [medium|#alpha,#beta]                           │ │ none                               │ 
 │                                                     │ │                                    │ 
 │                                                     │ │ Warnings                           │ 
 │                                                     │ │ none                               │ 
 │                                                     │ │                                    │ 
 │                                                     │ │ Coordination                       │ 
 │                                                     │ │ pending requests: 0                │ 
 │                                                     │ │ active sessions: 0                 │ 
 │                                                     │ │                                    │ 
 │                                                     │ ╰────────────────────────────────────╯ 
 │                                                     │ ╭────────────────────────────────────╮ 
 │                                                     │ │                                    │ 
 │                                                     │ │ Global Notifications               │ 
 │                                                     │ │                                    │ 
 │                                                     │ │ no coordination or notification…   │ 
 │                                                     │ │                                    │ 
 ╰─────────────────────────────────────────────────────╯ ╰────────────────────────────────────╯ 
 n new task • enter task info • e edit • tab panels • / search • : commands • q quit • ? help
