╭──────────────────────────────────────────────────────────────────────────────────────╮
    │ Search Results                                                                       │
    │ query: help                                                                          │
    │ mode: hybrid                                                                         │
    │ embeddings ready:0 pending:0 running:0 failed:0 stale:0                              │
    │ (empty)                                                                              │
    │ esc close                                                                            │
    ╰──────────────────────────────────────────────────────────────────────────────────────╯
