[?2026$p[?1049h[?25l[?2004h[?1002h[?1006h[=1;1u[?u[H[2J ┌─────────┐
 │ TILLSYN │  path: Inbox
 └─────────┘
 ──────────────────────────────────────────────────────────────────────────────────────────────

 ╭─────────────────────────────────────────────────────╮ ╭────────────────────────────────────╮
 │                                                     │ │                                    │
 │  To Do (1)                                          │ │ Project Notifications              │
 │  │  Golden board task                               │ │                                    │
 │     [medium|#alpha,#beta]                           │ │ Warnings                           │
 │                                                     │ │ none                               │
 │                                                     │ │                                    │
 │                                                     │ │ Action Required                    │
 │                                                     │ │ no notifications requiring user…   │
 │                                                     │ │                                    │
 │                                                     │ │ Selection                          │
 │                                                     │ │ Golden board task                  │
 │                                                     │ │ [medium|#alpha,#beta]              │
 │                                                     │ │                                    │
 │                                                     │ ╰────────────────────────────────────╯
 │                                                     │ ╭────────────────────────────────────╮
 │                                                     │ │                                    │
 │                                                     │ │ Global Notifications               │
 │                                                     │ │ requires user action across pro…   │
 │                                                     │ │                                    │
 │                                                     │ │                                    │
 ╰─────────────────────────────────────────────────────╯ ╰────────────────────────────────────╯
 n new task • enter task info • e edit • tab panels • / search • : commands • q quit • ? help[?1049l[?25h[?2004l[?1002l[?1003l[?1006l[=0;1u