[?2026$p[?1049h[?25l[?2004h[?1002h[?1006h[=1;1u[?u[H[2J ┌─────────┐
 │ TILLSYN │
 └─────────┘
 ──────────────────────────────────────────────────────────────────────────────────────────────
 path: Inbox

 ╭─────────────────────────────────────────────────────╮ ╭────────────────────────────────────╮
 │                                                     │ │                                    │
 │  To Do (1)                                          │ │ Project Notifications              │
 │  │  Golden board task                               │ │                                    │
 │     [medium|#alpha,#beta]                           │ │ Warnings                           │
 │                                                     │ │ none                               │
 │                                                     │ │                                    │
 │                                                     │ │ Agent/User Action                  │
 │                                                     │ │ no notifications requiring user…   │
 │                                                     │ │                                    │
 │                                                     │ │                                    │
 │                                                     │ ╰────────────────────────────────────╯
 │                                                     │ ╭────────────────────────────────────╮
 │                                                     │ │                                    │
 │                                                     │ │ Global Notifications               │
 │                                                     │ │ requires user action across pro…   │
 │                                                     │ │                                    │
 ╰─────────────────────────────────────────────────────╯ ╰────────────────────────────────────╯
 tasks: 1 • selected: Golden board task • level: task
 deps: total 1 • blocked 0 • unresolved 0 • edges 0
 0 overdue * 0 due soon
 n new task • s new subtask • i/enter task info • e edit task • f focus subtree …[?1049l[?25h[?2004l[?1002l[?1003l[?1006l[=0;1u